2026.09.16 12:54:38 INFO  Started: Metals version 1.6.9 in folders 'C:\Users\izano\Downloads\scala-vscode (prueba de entorno)' for client Visual Studio Code 1.138.0.
2026.09.16 12:54:38 INFO  Memory monitor started
2026.09.16 12:54:39 WARN  Using H2 2.5.250 which is newer than the version Flyway has been verified with. The latest verified version of H2 is 2.3.232.
2026.09.16 12:55:24 WARN  no build target for: C:\Users\izano\Downloads\scala-vscode (prueba de entorno)\build.sbt
2026.09.16 12:55:29 INFO  no build target found for C:\Users\izano\Downloads\scala-vscode (prueba de entorno)\build.sbt. Using presentation compiler with project's scala-library version: 3.3.8
2026.09.16 12:55:31 INFO  no build target found for C:\Users\izano\Downloads\scala-vscode (prueba de entorno)\build.sbt. Using presentation compiler with project's scala-library version: 3.3.8
sept 16, 2026 12:55:31 P. M. org.eclipse.lsp4j.jsonrpc.RemoteEndpoint handleCancellation
ADVERTENCIA: Unmatched cancel notification for request id 20
2026.09.16 12:55:31 INFO  no build target found for C:\Users\izano\Downloads\scala-vscode (prueba de entorno)\build.sbt. Using presentation compiler with project's scala-library version: 3.3.8
sept 16, 2026 12:55:32 P. M. org.eclipse.lsp4j.jsonrpc.RemoteEndpoint handleCancellation
ADVERTENCIA: Unmatched cancel notification for request id 23
sept 16, 2026 12:55:32 P. M. org.eclipse.lsp4j.jsonrpc.RemoteEndpoint handleCancellation
ADVERTENCIA: Unmatched cancel notification for request id 26
2026.09.16 12:55:35 INFO  no build target found for C:\Users\izano\Downloads\scala-vscode (prueba de entorno)\build.sbt. Using presentation compiler with project's scala-library version: 3.3.8
2026.09.16 12:55:35 INFO  no build target found for C:\Users\izano\Downloads\scala-vscode (prueba de entorno)\build.sbt. Using presentation compiler with project's scala-library version: 3.3.8
2026.09.16 12:55:37 INFO  no build target found for C:\Users\izano\Downloads\scala-vscode (prueba de entorno)\build.sbt. Using presentation compiler with project's scala-library version: 3.3.8
2026.09.16 12:55:37 INFO  no build target found for C:\Users\izano\Downloads\scala-vscode (prueba de entorno)\build.sbt. Using presentation compiler with project's scala-library version: 3.3.8
2026.09.16 12:55:37 WARN  no build target for: C:\Users\izano\Downloads\scala-vscode (prueba de entorno)\build.sbt
2026.09.16 12:55:37 INFO  no build target found for C:\Users\izano\Downloads\scala-vscode (prueba de entorno)\build.sbt. Using presentation compiler with project's scala-library version: 3.3.8
2026.09.16 12:57:54 WARN  no build target for: C:\Users\izano\Downloads\scala-vscode (prueba de entorno)\src\main\scala\Main.scala
2026.09.16 12:57:58 INFO  no build target found for C:\Users\izano\Downloads\scala-vscode (prueba de entorno)\src\main\scala\Main.scala. Using presentation compiler with project's scala-library version: 3.3.8
2026.09.16 12:57:58 INFO  no build target found for C:\Users\izano\Downloads\scala-vscode (prueba de entorno)\src\main\scala\Main.scala. Using presentation compiler with project's scala-library version: 3.3.8
2026.09.16 12:57:59 WARN  no build target for: C:\Users\izano\Downloads\scala-vscode (prueba de entorno)\src\main\scala\Main.scala
2026.09.16 12:57:59 INFO  no build target found for C:\Users\izano\Downloads\scala-vscode (prueba de entorno)\src\main\scala\Main.scala. Using presentation compiler with project's scala-library version: 3.3.8
2026.09.16 13:08:10 INFO  no build target found for C:\Users\izano\Downloads\scala-vscode (prueba de entorno)\src\main\scala\Main.scala. Using presentation compiler with project's scala-library version: 3.3.8
2026.09.16 13:08:10 WARN  no build target for: C:\Users\izano\Downloads\scala-vscode (prueba de entorno)\src\main\scala\Main.scala
2026.09.16 13:08:10 INFO  no build target found for C:\Users\izano\Downloads\scala-vscode (prueba de entorno)\src\main\scala\Main.scala. Using presentation compiler with project's scala-library version: 3.3.8
sept 16, 2026 1:08:10 P. M. org.eclipse.lsp4j.jsonrpc.RemoteEndpoint handleCancellation
ADVERTENCIA: Unmatched cancel notification for request id 141
2026.09.16 13:08:10 INFO  no build target found for C:\Users\izano\Downloads\scala-vscode (prueba de entorno)\src\main\scala\Main.scala. Using presentation compiler with project's scala-library version: 3.3.8
2026.09.16 13:08:13 WARN  no build target for: C:\Users\izano\Downloads\scala-vscode (prueba de entorno)\src\main\scala\Main.scala
2026.09.16 13:08:41 INFO  no build target found for C:\Users\izano\Downloads\scala-vscode (prueba de entorno)\build.sbt. Using presentation compiler with project's scala-library version: 3.3.8
2026.09.16 13:08:41 WARN  no build target for: C:\Users\izano\Downloads\scala-vscode (prueba de entorno)\build.sbt
sept 16, 2026 1:08:41 P. M. org.eclipse.lsp4j.jsonrpc.RemoteEndpoint handleCancellation
ADVERTENCIA: Unmatched cancel notification for request id 149
2026.09.16 13:08:41 INFO  no build target found for C:\Users\izano\Downloads\scala-vscode (prueba de entorno)\build.sbt. Using presentation compiler with project's scala-library version: 3.3.8
2026.09.16 13:08:41 INFO  no build target found for C:\Users\izano\Downloads\scala-vscode (prueba de entorno)\build.sbt. Using presentation compiler with project's scala-library version: 3.3.8
2026.09.16 13:10:16 INFO  no build target found for C:\Users\izano\Downloads\scala-vscode (prueba de entorno)\build.sbt. Using presentation compiler with project's scala-library version: 3.3.8
2026.09.16 13:10:16 WARN  no build target for: C:\Users\izano\Downloads\scala-vscode (prueba de entorno)\build.sbt
2026.09.16 13:10:16 INFO  no build target found for C:\Users\izano\Downloads\scala-vscode (prueba de entorno)\build.sbt. Using presentation compiler with project's scala-library version: 3.3.8
2026.09.16 13:10:16 INFO  no build target found for C:\Users\izano\Downloads\scala-vscode (prueba de entorno)\build.sbt. Using presentation compiler with project's scala-library version: 3.3.8
sept 16, 2026 1:10:32 P. M. org.eclipse.lsp4j.jsonrpc.services.GenericEndpoint notify
INFORMACIÓN: Unsupported notification method: $/setTrace
2026.09.16 13:10:33 INFO  no build target found for C:\Users\izano\Downloads\scala-vscode (prueba de entorno)\build.sbt. Using presentation compiler with project's scala-library version: 3.3.8
sept 16, 2026 1:10:34 P. M. org.eclipse.lsp4j.jsonrpc.services.GenericEndpoint notify
INFORMACIÓN: Unsupported notification method: $/setTrace
2026.09.16 13:10:34 INFO  no build target found for C:\Users\izano\Downloads\scala-vscode (prueba de entorno)\build.sbt. Using presentation compiler with project's scala-library version: 3.3.8
2026.09.16 13:11:01 INFO  no build target found for C:\Users\izano\Downloads\scala-vscode (prueba de entorno)\build.sbt. Using presentation compiler with project's scala-library version: 3.3.8
2026.09.16 13:11:34 WARN  no build target for: C:\Users\izano\Downloads\scala-vscode (prueba de entorno)\build.sbt
2026.09.16 13:11:53 WARN  no build target for: C:\Users\izano\Downloads\scala-vscode (prueba de entorno)\build.sbt
2026.09.16 13:13:01 INFO  Shutting down server
2026.09.16 13:13:01 INFO  Memory monitor stopped
2026.09.16 13:13:01 INFO  shutting down Metals
2026.09.16 13:13:01 INFO  Exiting server
2026.09.16 13:13:16 INFO  Started: Metals version 1.6.9 in folders 'C:\Users\izano\Downloads\scala-vscode (prueba de entorno)' for client Visual Studio Code 1.138.0.
2026.09.16 13:13:16 INFO  Memory monitor started
2026.09.16 13:13:17 WARN  Using H2 2.5.250 which is newer than the version Flyway has been verified with. The latest verified version of H2 is 2.3.232.
2026.09.16 13:13:17 INFO  no build target found for C:\Users\izano\Downloads\scala-vscode (prueba de entorno)\build.sbt. Using presentation compiler with project's scala-library version: 3.3.8
2026.09.16 13:13:27 INFO  running 'C:\Program Files\Eclipse Adoptium\jdk-17.0.20.101-hotspot\bin\java.exe -Djline.terminal=jline.UnsupportedTerminal -Dsbt.log.noformat=true -Dfile.encoding=UTF-8 -Dsbt.version=1.13.0 -jar C:\Users\izano\AppData\Local\Temp\metals3539663817056192227\sbt-launch.jar -Dbloop.export-jar-classifiers=sources -Dbloop.export-meta-build=true bloopInstall'
2026.09.16 13:13:27 ERROR [info] [launcher] getting org.scala-sbt sbt 1.13.0  (this may take some time)...
2026.09.16 13:13:27 WARN  no build target for: C:\Users\izano\Downloads\scala-vscode (prueba de entorno)\project\metals.sbt
2026.09.16 13:13:27 INFO  no build target found for C:\Users\izano\Downloads\scala-vscode (prueba de entorno)\project\project\metals.sbt. Using presentation compiler with project's scala-library version: 3.3.8
2026.09.16 13:13:27 WARN  no build target for: C:\Users\izano\Downloads\scala-vscode (prueba de entorno)\project\project\metals.sbt
2026.09.16 13:13:29 INFO  no build target found for C:\Users\izano\Downloads\scala-vscode (prueba de entorno)\project\metals.sbt. Using presentation compiler with project's scala-library version: 3.3.8
2026.09.16 13:13:33 ERROR [info] [launcher] getting Scala 2.12.21 (for sbt)...
2026.09.16 13:13:36 INFO  [info] Updated file C:\Users\izano\Downloads\scala-vscode (prueba de entorno)\project\build.properties: set sbt.version to 1.13.0
2026.09.16 13:13:36 INFO  [info] welcome to sbt 1.13.0 (Eclipse Adoptium Java 17.0.20.1)
2026.09.16 13:13:39 INFO  [info] loading settings for project scala-vscode-prueba-de-entorno--build-build from metals.sbt...
2026.09.16 13:13:40 INFO  [info] loading project definition from C:\Users\izano\Downloads\scala-vscode (prueba de entorno)\project\project
2026.09.16 13:13:44 INFO  [info] loading settings for project scala-vscode-prueba-de-entorno--build from metals.sbt...
2026.09.16 13:13:44 WARN  no build target for: C:\Users\izano\Downloads\scala-vscode (prueba de entorno)\build.sbt
2026.09.16 13:13:44 INFO  [info] loading project definition from C:\Users\izano\Downloads\scala-vscode (prueba de entorno)\project
2026.09.16 13:13:50 INFO  [success] Generated .bloop\scala-vscode-prueba-de-entorno--build.json
2026.09.16 13:13:50 INFO  [success] Total time: 5 s, completed 16 sept 2026 13:13:50
2026.09.16 13:13:51 INFO  [info] loading settings for project scala-vscode-prueba-de-entorno- from build.sbt...
2026.09.16 13:13:51 INFO  [info] set current project to scala-vscode (in build file:/C:/Users/izano/Downloads/scala-vscode%20(prueba%20de%20entorno)/)
2026.09.16 13:13:51 INFO  [success] Generated .bloop\scala-vscode-prueba-de-entorno--test.json
2026.09.16 13:13:51 INFO  [success] Generated .bloop\scala-vscode-prueba-de-entorno-.json
2026.09.16 13:13:51 INFO  [success] Total time: 0 s, completed 16 sept 2026 13:13:52
2026.09.16 13:13:52 INFO  time: ran 'sbt bloopInstall' in 25s
2026.09.16 13:13:52 INFO  Attempting to connect to the build server...
2026.09.16 13:13:52 INFO  No running Bloop server found, starting one.
2026.09.16 13:13:58 INFO  Starting compilation server
2026.09.16 13:14:01 INFO  Tracing is disabled for protocol BSP. To enable tracing of incoming and outgoing JSON messages, create an empty file at C:\Users\izano\Downloads\scala-vscode (prueba de entorno)\.metals\bsp.trace.json or C:\Users\izano\AppData\Local\scalameta\metals\cache\bsp.trace.json
2026.09.16 13:14:04 INFO  Attempting to connect to the build server...
2026.09.16 13:14:04 INFO  Found a Bloop server running
2026.09.16 13:14:04 INFO  Tracing is disabled for protocol BSP. To enable tracing of incoming and outgoing JSON messages, create an empty file at C:\Users\izano\Downloads\scala-vscode (prueba de entorno)\project\.metals\bsp.trace.json or C:\Users\izano\AppData\Local\scalameta\metals\cache\bsp.trace.json
2026.09.16 13:14:04 INFO  time: Connected to build server in 12s
2026.09.16 13:14:04 INFO  Connected to Build server: Bloop v2.1.2
2026.09.16 13:14:05 INFO  time: Imported build in 0.47s
2026.09.16 13:14:11 WARN  Using H2 2.5.250 which is newer than the version Flyway has been verified with. The latest verified version of H2 is 2.3.232.
2026.09.16 13:14:42 INFO  time: indexed workspace in 37s
2026.09.16 13:14:46 INFO  time: code lens generation in 3.23s
2026.09.16 13:14:46 INFO  time: code lens generation in 3.23s
2026.09.16 13:14:46 INFO  time: code lens generation in 2.91s
sept 16, 2026 1:15:12 P. M. org.eclipse.lsp4j.jsonrpc.RemoteEndpoint handleCancellation
ADVERTENCIA: Unmatched cancel notification for request id 13
2026.09.16 13:15:13 INFO  compiling scala-vscode-prueba-de-entorno- (1 scala source)
2026.09.16 13:15:13 INFO  Non-compiled module 'compiler-bridge_2.12' for Scala 2.12.21. Compiling...
2026.09.16 13:15:30 INFO  Compilation completed in 16.456s.
2026.09.16 13:15:35 INFO  time: compiled scala-vscode-prueba-de-entorno- in 21s
2026.09.16 13:17:22 INFO  Shutting down server
2026.09.16 13:17:22 INFO  Memory monitor stopped
2026.09.16 13:17:22 INFO  shutting down Metals
2026.09.16 13:17:22 INFO  Shut down connection with build server.
2026.09.16 13:17:22 INFO  Shut down connection with build server.
2026.09.16 13:17:22 INFO  Exiting server
2026.09.16 14:26:12 INFO  Started: Metals version 1.6.9 in folders 'C:\Users\izano\Downloads\scala-vscode (prueba de entorno)' for client Visual Studio Code 1.138.0.
2026.09.16 14:26:12 INFO  Memory monitor started
2026.09.16 14:26:13 WARN  Using H2 2.5.250 which is newer than the version Flyway has been verified with. The latest verified version of H2 is 2.3.232.
2026.09.16 14:26:13 INFO  Attempting to connect to the build server...
2026.09.16 14:26:13 INFO  Found a Bloop server running
2026.09.16 14:26:14 INFO  Tracing is disabled for protocol BSP. To enable tracing of incoming and outgoing JSON messages, create an empty file at C:\Users\izano\Downloads\scala-vscode (prueba de entorno)\.metals\bsp.trace.json or C:\Users\izano\AppData\Local\scalameta\metals\cache\bsp.trace.json
2026.09.16 14:26:14 INFO  Attempting to connect to the build server...
2026.09.16 14:26:14 INFO  Found a Bloop server running
2026.09.16 14:26:14 INFO  Tracing is disabled for protocol BSP. To enable tracing of incoming and outgoing JSON messages, create an empty file at C:\Users\izano\Downloads\scala-vscode (prueba de entorno)\project\.metals\bsp.trace.json or C:\Users\izano\AppData\Local\scalameta\metals\cache\bsp.trace.json
2026.09.16 14:26:14 INFO  time: Connected to build server in 0.48s
2026.09.16 14:26:14 INFO  Connected to Build server: Bloop v2.1.2
2026.09.16 14:26:14 WARN  no build target for: C:\Users\izano\Downloads\scala-vscode (prueba de entorno)\build.sbt
2026.09.16 14:26:14 INFO  no build target found for C:\Users\izano\Downloads\scala-vscode (prueba de entorno)\build.sbt. Using presentation compiler with project's scala-library version: 3.3.8
2026.09.16 14:26:14 INFO  time: Imported build in 0.49s
sept 16, 2026 2:26:21 P. M. org.eclipse.lsp4j.jsonrpc.RemoteEndpoint handleCancellation
ADVERTENCIA: Unmatched cancel notification for request id 1
sept 16, 2026 2:26:21 P. M. org.eclipse.lsp4j.jsonrpc.RemoteEndpoint handleCancellation
ADVERTENCIA: Unmatched cancel notification for request id 4
2026.09.16 14:26:24 WARN  Using H2 2.5.250 which is newer than the version Flyway has been verified with. The latest verified version of H2 is 2.3.232.
2026.09.16 14:26:26 INFO  Shutting down server
2026.09.16 14:26:26 INFO  Memory monitor stopped
2026.09.16 14:26:26 INFO  shutting down Metals
2026.09.16 14:26:26 INFO  Shut down connection with build server.
2026.09.16 14:26:26 INFO  Shut down connection with build server.
2026.09.16 14:26:26 INFO  Exiting server
